*3
$3
SET
$2
c1
$1
p
*3
$3
SET
$2
c1
$1
p
*3
$3
SET
$2
c1
$1
p
*3
$3
SET
$2
c1
$1
p
*3
$3
SET
$2
c2
$1
q
*3
$3
SET
$2
c1
$1
p
*3
$3
SET
$2
a1
$1
2
*3
$3
SET
$2
a2
$1
5
*2
$4
INCR
$2
a2
*3
$3
SET
$2
a1
$1
2
*3
$3
SET
$2
a2
$1
5
*2
$4
INCR
$2
a2
*3
$3
SET
$2
a2
$1
5
*3
$3
SET
$2
a2
$1
5
*3
$3
SET
$2
a2
$1
5
*3
$3
SET
$2
a1
$1
2
*2
$4
INCR
$2
a2
*3
$3
SET
$1
d
$1
3
*3
$3
SET
$1
f
$6
dfasdf
*3
$3
SET
$1
w
$1
6
*2
$4
INCR
$1
w
*2
$4
DECR
$1
d
